
> optitab-tutoring@1.0.0 build
> node ./node_modules/vite/bin/vite.js build

vite v7.2.0 building client environment for production...
transforming...
Ô£ô 1695 modules transformed.
node.exe : Generated an empty chunk: "marked".
Au caractère C:\Program Files\nodejs\npm.ps1:29 : 3
+   & $NODE_EXE $NPM_CLI_JS $args
+   ~~~~~~~~~~~~~~~~~~~~~~~~~~~~~
    + CategoryInfo          : NotSpecified: (Generated an empty chunk: "marked".:String) [], RemoteException
    + FullyQualifiedErrorId : NativeCommandError
 
rendering chunks...
[plugin vite:reporter] 
(!) C:/Users/SWEELCO-AT/Desktop/SWINDER/OptiTABV2/frontend/src/api/subscriptions.js is dynamically imported by 
C:/Users/SWEELCO-AT/Desktop/SWINDER/OptiTABV2/frontend/src/stores/subscription.js but also statically imported by 
C:/Users/SWEELCO-AT/Desktop/SWINDER/OptiTABV2/frontend/src/components/home/PricingPlans.vue, 
C:/Users/SWEELCO-AT/Desktop/SWINDER/OptiTABV2/frontend/src/components/payments/SubscriptionManager.vue, 
C:/Users/SWEELCO-AT/Desktop/SWINDER/OptiTABV2/frontend/src/stores/checkoutIntent.js, 
C:/Users/SWEELCO-AT/Desktop/SWINDER/OptiTABV2/frontend/src/views/Billing.vue, 
C:/Users/SWEELCO-AT/Desktop/SWINDER/OptiTABV2/frontend/src/views/BillingSuccess.vue, 
C:/Users/SWEELCO-AT/Desktop/SWINDER/OptiTABV2/frontend/src/views/admin/AdminSubscriptions.vue, dynamic import will not 
move module into another chunk.

computing gzip size...
dist/index.html                                                                                  3.36 kB Ôöé gzip:     1.47 kB
dist/assets/KaTeX_Size3-Regular-CTq5MqoE.woff                                                    4.42 kB
dist/assets/KaTeX_Size4-Regular-Dl5lxZxV.woff2                                                   4.93 kB
dist/assets/KaTeX_Size2-Regular-Dy4dx90m.woff2                                                   5.21 kB
dist/assets/KaTeX_Size1-Regular-mCD8mA8B.woff2                                                   5.47 kB
dist/assets/KaTeX_Size4-Regular-BF-4gkZK.woff                                                    5.98 kB
dist/assets/KaTeX_Size2-Regular-oD1tc_U0.woff                                                    6.19 kB
dist/assets/KaTeX_Size1-Regular-C195tn64.woff                                                    6.50 kB
dist/assets/KaTeX_Caligraphic-Regular-Di6jR-x-.woff2                                             6.91 kB
dist/assets/KaTeX_Caligraphic-Bold-Dq_IR9rO.woff2                                                6.91 kB
dist/assets/KaTeX_Size3-Regular-DgpXs0kz.ttf                                                     7.59 kB
dist/assets/KaTeX_Caligraphic-Regular-CTRA-rTL.woff                                              7.66 kB
dist/assets/KaTeX_Caligraphic-Bold-BEiXGLvX.woff                                                 7.72 kB
dist/assets/KaTeX_Script-Regular-D3wIWfF6.woff2                                                  9.64 kB
dist/assets/KaTeX_SansSerif-Regular-DDBCnlJ7.woff2                                              10.34 kB
dist/assets/KaTeX_Size4-Regular-DWFBv043.ttf                                                    10.36 kB
dist/assets/KaTeX_Script-Regular-D5yQViql.woff                                                  10.59 kB
dist/assets/KaTeX_Fraktur-Regular-CTYiF6lA.woff2                                                11.32 kB
dist/assets/KaTeX_Fraktur-Bold-CL6g_b3V.woff2                                                   11.35 kB
dist/assets/KaTeX_Size2-Regular-B7gKUWhC.ttf                                                    11.51 kB
dist/assets/KaTeX_SansSerif-Italic-C3H0VqGB.woff2                                               12.03 kB
dist/assets/KaTeX_SansSerif-Bold-D1sUS0GD.woff2                                                 12.22 kB
dist/assets/KaTeX_Size1-Regular-Dbsnue_I.ttf                                                    12.23 kB
dist/assets/KaTeX_SansSerif-Regular-CS6fqUqJ.woff                                               12.32 kB
dist/assets/KaTeX_Caligraphic-Regular-wX97UBjC.ttf                                              12.34 kB
dist/assets/KaTeX_Caligraphic-Bold-ATXxdsX0.ttf                                                 12.37 kB
dist/assets/KaTeX_Fraktur-Regular-Dxdc4cR9.woff                                                 13.21 kB
dist/assets/KaTeX_Fraktur-Bold-BsDP51OF.woff                                                    13.30 kB
dist/assets/KaTeX_Typewriter-Regular-CO6r4hn1.woff2                                             13.57 kB
dist/assets/KaTeX_SansSerif-Italic-DN2j7dab.woff                                                14.11 kB
dist/assets/KaTeX_SansSerif-Bold-DbIhKOiC.woff                                                  14.41 kB
dist/assets/KaTeX_Typewriter-Regular-C0xS9mPB.woff                                              16.03 kB
dist/assets/KaTeX_Math-BoldItalic-CZnvNsCZ.woff2                                                16.40 kB
dist/assets/KaTeX_Math-Italic-t53AETM-.woff2                                                    16.44 kB
dist/assets/KaTeX_Script-Regular-C5JkGWo-.ttf                                                   16.65 kB
dist/assets/KaTeX_Main-BoldItalic-DxDJ3AOS.woff2                                                16.78 kB
dist/assets/KaTeX_Main-Italic-NWA7e6Wa.woff2                                                    16.99 kB
dist/assets/KaTeX_Math-BoldItalic-iY-2wyZ7.woff                                                 18.67 kB
dist/assets/KaTeX_Math-Italic-DA0__PXp.woff                                                     18.75 kB
dist/assets/KaTeX_Main-BoldItalic-SpSLRI95.woff                                                 19.41 kB
dist/assets/KaTeX_SansSerif-Regular-BNo7hRIc.ttf                                                19.44 kB
dist/assets/KaTeX_Fraktur-Regular-CB_wures.ttf                                                  19.57 kB
dist/assets/KaTeX_Fraktur-Bold-BdnERNNW.ttf                                                     19.58 kB
dist/assets/KaTeX_Main-Italic-BMLOBm91.woff                                                     19.68 kB
dist/assets/KaTeX_SansSerif-Italic-YYjJ1zSn.ttf                                                 22.36 kB
dist/assets/KaTeX_SansSerif-Bold-CFMepnvq.ttf                                                   24.50 kB
dist/assets/KaTeX_Main-Bold-Cx986IdX.woff2                                                      25.32 kB
dist/assets/KaTeX_Main-Regular-B22Nviop.woff2                                                   26.27 kB
dist/assets/KaTeX_Typewriter-Regular-D3Ib7_Hf.ttf                                               27.56 kB
dist/assets/KaTeX_AMS-Regular-BQhdFMY1.woff2                                                    28.08 kB
dist/assets/KaTeX_Main-Bold-Jm3AIy58.woff                                                       29.91 kB
dist/assets/KaTeX_Main-Regular-Dr94JaBh.woff                                                    30.77 kB
dist/assets/KaTeX_Math-BoldItalic-B3XSjfu4.ttf                                                  31.20 kB
dist/assets/KaTeX_Math-Italic-flOr_0UB.ttf                                                      31.31 kB
dist/assets/KaTeX_Main-BoldItalic-DzxPMmG6.ttf                                                  32.97 kB
dist/assets/KaTeX_AMS-Regular-DMm9YOAa.woff                                                     33.52 kB
dist/assets/KaTeX_Main-Italic-3WenGoN9.ttf                                                      33.58 kB
dist/assets/KaTeX_Main-Bold-waoOVXN0.ttf                                                        51.34 kB
dist/assets/KaTeX_Main-Regular-ypZvNtVU.ttf                                                     53.58 kB
dist/assets/KaTeX_AMS-Regular-DRggAlZN.ttf                                                      63.63 kB
dist/assets/Logo_bg-DgUABMCA.png                                                               406.40 kB
dist/assets/HeroSection2-CrEdtRYp.png                                                        1,572.19 kB
dist/assets/HeroSection3-BPfYKKWW.jpg                                                        2,388.11 kB
dist/assets/AdminExercicesPlus-tn0RQdqM.css                                                      0.00 kB Ôöé gzip:     0.02 kB
dist/assets/AdminLayout-DF9kqvr7.css                                                             0.08 kB Ôöé gzip:     0.08 kB
dist/assets/BillingCancel-CLd_hd-d.css                                                           0.15 kB Ôöé gzip:     0.14 kB
dist/assets/NotFound-BRLCr2dc.css                                                                0.17 kB Ôöé gzip:     0.12 kB
dist/assets/Tabs-BMJrncHP.css                                                                    0.33 kB Ôöé gzip:     0.22 kB
dist/assets/Quiz-D40Exv7H.css                                                                    0.42 kB Ôöé gzip:     0.28 kB
dist/assets/OnlineCourses-DLJpZ3Wy.css                                                           0.60 kB Ôöé gzip:     0.30 kB
dist/assets/BillingSuccess-COxmO1-p.css                                                          0.70 kB Ôöé gzip:     0.39 kB
dist/assets/Notions-BbeFxmXV.css                                                                 0.72 kB Ôöé gzip:     0.37 kB
dist/assets/QuizComingSoon-DQEioUva.css                                                          0.75 kB Ôöé gzip:     0.41 kB
dist/assets/SimpleModal-CqV73TmE.css                                                             0.80 kB Ôöé gzip:     0.37 kB
dist/assets/Progress-ULEsRKKV.css                                                                0.85 kB Ôöé gzip:     0.37 kB
dist/assets/PasswordReset-BGr53cxo.css                                                           0.90 kB Ôöé gzip:     0.42 kB
dist/assets/CourseNotions-C0SRihF1.css                                                           1.02 kB Ôöé gzip:     0.35 kB
dist/assets/AdminCoursPlus-1zJCs3nY.css                                                          1.07 kB Ôöé gzip:     0.40 kB
dist/assets/Conditions-CCU3CVxT.css                                                              1.13 kB Ôöé gzip:     0.44 kB
dist/assets/SkeletonList-6vH376eA.css                                                            1.23 kB Ôöé gzip:     0.46 kB
dist/assets/Themes-TGB1BKax.css                                                                  1.24 kB Ôöé gzip:     0.34 kB
dist/assets/WhatsappChatButton-BFnU1VZW.css                                                      1.31 kB Ôöé gzip:     0.55 kB
dist/assets/ExerciceDetail-vzjLSo2-.css                                                          1.37 kB Ôöé gzip:     0.60 kB
dist/assets/Exercises-CIHrZ46a.css                                                               1.58 kB Ôöé gzip:     0.66 kB
dist/assets/BaseCard-LkayN-ET.css                                                                1.59 kB Ôöé gzip:     0.59 kB
dist/assets/QuizNotions-CP5lu6Z0.css                                                             1.65 kB Ôöé gzip:     0.52 kB
dist/assets/SynthesisNotions-B6g00NxV.css                                                        1.65 kB Ôöé gzip:     0.52 kB
dist/assets/BackButton-68-zbyNV.css                                                              1.70 kB Ôöé gzip:     0.55 kB
dist/assets/NewsletterAdmin-CfXtbIkQ.css                                                         1.78 kB Ôöé gzip:     0.63 kB
dist/assets/HomeworkByNotion-XTzaDzAd.css                                                        1.92 kB Ôöé gzip:     0.65 kB
dist/assets/TestFiltrageStrict-BeULsNWG.css                                                      1.93 kB Ôöé gzip:     0.59 kB
dist/assets/AdminQuizPlus-Hli8_rbO.css                                                           1.93 kB Ôöé gzip:     0.68 kB
dist/assets/AdminSubscribers-Dzpv3i6D.css                                                        1.99 kB Ôöé gzip:     0.69 kB
dist/assets/AdminSubscriptions-DHRkETzg.css                                                      2.11 kB Ôöé gzip:     0.73 kB
dist/assets/AdminActionsButtons-toXqln6L.css                                                     2.17 kB Ôöé gzip:     0.67 kB
dist/assets/NotionCard-Bpkgjj00.css                                                              2.97 kB Ôöé gzip:     0.85 kB
dist/assets/AdminQuiz-BJX220Gr.css                                                               2.99 kB Ôöé gzip:     0.82 kB
dist/assets/AdminMatieres-CHtlmIIn.css                                                           3.13 kB Ôöé gzip:     0.92 kB
dist/assets/AdminNotions-BBL2v5Qt.css                                                            3.32 kB Ôöé gzip:     0.81 kB
dist/assets/ThemeNotions-aYWOoCzJ.css                                                            3.42 kB Ôöé gzip:     1.02 kB
dist/assets/AdminSheets-BNsn6dwa.css                                                             3.78 kB Ôöé gzip:     1.07 kB
dist/assets/CalculatorTabs-qET9NLGN.css                                                          3.87 kB Ôöé gzip:     1.07 kB
dist/assets/FreeExerciseChapter-BovAwcOI.css                                                     3.89 kB Ôöé gzip:     1.22 kB
dist/assets/ChildOverview-C_X-Y5dW.css                                                           3.92 kB Ôöé gzip:     1.16 kB
dist/assets/Pricing-BNytwZaz.css                                                                 4.05 kB Ôöé gzip:     1.16 kB
dist/assets/CoursDetail-BJqyDmX_.css                                                             4.58 kB Ôöé gzip:     1.15 kB
dist/assets/AdminThemes-COKtzNDJ.css                                                             5.20 kB Ôöé gzip:     1.20 kB
dist/assets/BaseHistory-DRq_Pt1G.css                                                             5.21 kB Ôöé gzip:     1.28 kB
dist/assets/FaqSection-BQsHuHs4.css                                                              5.27 kB Ôöé gzip:     1.36 kB
dist/assets/QuizSubmissionsStudent-DoTOfqrr.css                                                  6.03 kB Ôöé gzip:     1.55 kB
dist/assets/AdminQuizSubmissions-BimL5YeX.css                                                    6.08 kB Ôöé gzip:     1.53 kB
dist/assets/Footer-C8YgFe9y.css                                                                  6.15 kB Ôöé gzip:     1.30 kB
dist/assets/AdminNiveaux-B1pgZbKR.css                                                            6.37 kB Ôöé gzip:     1.56 kB
dist/assets/ContactModal-YMH6PSDm.css                                                            6.40 kB Ôöé gzip:     1.47 kB
dist/assets/FreeCourseDetail-DEzsMP0h.css                                                        6.90 kB Ôöé gzip:     1.77 kB
dist/assets/FreeResourceNotions-vvRDK1vJ.css                                                     7.06 kB Ôöé gzip:     1.81 kB
dist/assets/QuizzesHistory-Dju54A8L.css                                                          7.33 kB Ôöé gzip:     1.68 kB
dist/assets/admin-common-Bgm8pt_o.css                                                            7.63 kB Ôöé gzip:     1.78 kB
dist/assets/AdminCours-D9QWpqrf.css                                                              7.72 kB Ôöé gzip:     1.70 kB
dist/assets/CGV-DaK2nf56.css                                                                     8.07 kB Ôöé gzip:     1.74 kB
dist/assets/CGU-Bt5WOLET.css                                                                     8.19 kB Ôöé gzip:     1.82 kB
dist/assets/Confidentialite-CHbyZyhb.css                                                         8.44 kB Ôöé gzip:     1.87 kB
dist/assets/Legal-tXbcX_qz.css                                                                   8.44 kB Ôöé gzip:     1.87 kB
dist/assets/Cookies-B2_B7Plp.css                                                                 9.58 kB Ôöé gzip:     1.99 kB
dist/assets/SheetByNotion-CcCv84_6.css                                                           9.66 kB Ôöé gzip:     2.36 kB
dist/assets/AdminExercices-BUsiZ_7z.css                                                         10.49 kB Ôöé gzip:     2.17 kB
dist/assets/ThemeNotionsView-BwyXo2vj.css                                                       10.54 kB Ôöé gzip:     2.19 kB
dist/assets/ChapterExercises-DFsRRCvc.css                                                       11.64 kB Ôöé gzip:     2.48 kB
dist/assets/Cours-BzOS7jZF.css                                                                  11.66 kB Ôöé gzip:     2.68 kB
dist/assets/AdminPays-CD8wJtc0.css                                                              11.77 kB Ôöé gzip:     2.41 kB
dist/assets/Contact-iYa8PdU6.css                                                                12.28 kB Ôöé gzip:     2.45 kB
dist/assets/ExercisesHistory-D9bcbqAM.css                                                       12.68 kB Ôöé gzip:     2.61 kB
dist/assets/About-of2lIWVE.css                                                                  15.38 kB Ôöé gzip:     2.91 kB
dist/assets/ExerciceQCM-DXe5AYKN.css                                                            22.18 kB Ôöé gzip:     4.40 kB
dist/assets/MainLayout-DDnRrFIV.css                                                             23.16 kB Ôöé gzip:     3.79 kB
dist/assets/Billing-D6Mqj1DI.css                                                                23.34 kB Ôöé gzip:     4.06 kB
dist/assets/Subscription-Cc9JEEqX.css                                                           25.87 kB Ôöé gzip:     4.41 kB
dist/assets/Calculator-DaRIZ4HV.css                                                             28.16 kB Ôöé gzip:     4.99 kB
dist/assets/CoursParticuliers-Bz20eEOK.css                                                      33.00 kB Ôöé gzip:     5.05 kB
dist/assets/DashboardLayout-J4dIBvCb.css                                                        48.11 kB Ôöé gzip:     8.25 kB
dist/assets/Home-BPeWTgBH.css                                                                   55.42 kB Ôöé gzip:     9.05 kB
dist/assets/Account-lC7Tw2sr.css                                                                58.28 kB Ôöé gzip:    10.04 kB
dist/assets/Dashboard-BYcxG6Oq.css                                                              71.14 kB Ôöé gzip:    11.33 kB
dist/assets/index-C0oj1J29.css                                                                  76.42 kB Ôöé gzip:    15.01 kB
dist/assets/marked-l0sNRNKZ.js                                                                   0.00 kB Ôöé gzip:     0.02 kB
dist/assets/PaysNiveauxDisplay.vue_vue_type_style_index_0_scoped_821033d6_lang-l0sNRNKZ.js       0.00 kB Ôöé gzip:     0.02 kB
dist/assets/PaysNiveauxSelector.vue_vue_type_style_index_0_scoped_6652d9f9_lang-l0sNRNKZ.js      0.00 kB Ôöé gzip:     0.02 kB
dist/assets/math-CqkleIqs.js                                                                     0.12 kB Ôöé gzip:     0.13 kB
dist/assets/calculator-Bkl9-mTg.js                                                               0.26 kB Ôöé gzip:     0.16 kB
dist/assets/free-content-CtVHbXU2.js                                                             0.28 kB Ôöé gzip:     0.23 kB
dist/assets/matiere-contextes-tH-oXzZw.js                                                        0.31 kB Ôöé gzip:     0.23 kB
dist/assets/CheckIcon-CTuDIVdF.js                                                                0.35 kB Ôöé gzip:     0.27 kB
dist/assets/CheckCircleIcon-9GtlG7o6.js                                                          0.39 kB Ôöé gzip:     0.30 kB
dist/assets/contact-Cb5SZTmN.js                                                                  0.42 kB Ôöé gzip:     0.27 kB
dist/assets/useRequireSubscription-BjomvHvp.js                                                   0.42 kB Ôöé gzip:     0.31 kB
dist/assets/NotFound-C-ulfO_N.js                                                                 0.58 kB Ôöé gzip:     0.42 kB
dist/assets/BillingCancel-Dkk_EjwL.js                                                            0.61 kB Ôöé gzip:     0.43 kB
dist/assets/niveaux-DB9ne6AX.js                                                                  0.62 kB Ôöé gzip:     0.27 kB
dist/assets/quizSubmissions-XMElvQPj.js                                                          0.75 kB Ôöé gzip:     0.37 kB
dist/assets/AdminLayout-TKVDkImF.js                                                              0.75 kB Ôöé gzip:     0.48 kB
dist/assets/SimpleModal-KQ7qAVQi.js                                                              0.80 kB Ôöé gzip:     0.48 kB
dist/assets/SkeletonList-Cc3bwtS4.js                                                             0.86 kB Ôöé gzip:     0.39 kB
dist/assets/newsletter-DWvPl0a6.js                                                               0.90 kB Ôöé gzip:     0.47 kB
dist/assets/BaseCard-CAnZeB6K.js                                                                 0.94 kB Ôöé gzip:     0.54 kB
dist/assets/synthesis-CaOespIP.js                                                                1.07 kB Ôöé gzip:     0.44 kB
dist/assets/WhatsappChatButton-BkhxmtA0.js                                                       1.09 kB Ôöé gzip:     0.64 kB
dist/assets/QuizComingSoon-x1wzyTkv.js                                                           1.18 kB Ôöé gzip:     0.71 kB
dist/assets/BackButton-CWzjNCy7.js                                                               1.27 kB Ôöé gzip:     0.68 kB
dist/assets/notions-CRluXM5M.js                                                                  1.32 kB Ôöé gzip:     0.62 kB
dist/assets/themes-gOfOVsvE.js                                                                   1.35 kB Ôöé gzip:     0.61 kB
dist/assets/curriculum-BuwFZUjU.js                                                               1.39 kB Ôöé gzip:     0.53 kB
dist/assets/Quiz-DtIg77le.js                                                                     1.42 kB Ôöé gzip:     0.87 kB
dist/assets/Themes-CiqMe0VR.js                                                                   1.42 kB Ôöé gzip:     0.82 kB
dist/assets/QuizNotions-CVUw0Gcd.js                                                              1.59 kB Ôöé gzip:     0.89 kB
dist/assets/Notions-B16QrkY9.js                                                                  1.63 kB Ôöé gzip:     0.92 kB
dist/assets/SynthesisNotions-Cm6LAzR1.js                                                         1.64 kB Ôöé gzip:     0.91 kB
dist/assets/exercices-DnPs9ppO.js                                                                1.67 kB Ôöé gzip:     0.68 kB
dist/assets/CourseNotions-B9jHbtXo.js                                                            1.74 kB Ôöé gzip:     1.00 kB
dist/assets/BillingSuccess-CoQdqJkS.js                                                           1.74 kB Ôöé gzip:     1.04 kB
dist/assets/pdf-IVrSJu45.js                                                                      1.76 kB Ôöé gzip:     0.97 kB
dist/assets/quiz-D-4CPs5R.js                                                                     1.77 kB Ôöé gzip:     0.73 kB
dist/assets/OnlineCourses-d2ZNSbw1.js                                                            1.87 kB Ôöé gzip:     1.07 kB
dist/assets/useZoom-DzHd3B40.js                                                                  1.98 kB Ôöé gzip:     1.07 kB
dist/assets/cours-BQLI_Z-k.js                                                                    2.00 kB Ôöé gzip:     0.83 kB
dist/assets/admin-common.css_vue_type_style_index_0_src_true_lang-X-IPxWzL.js                    2.12 kB Ôöé gzip:     1.05 kB
dist/assets/PasswordReset-C5MpVqhB.js                                                            2.39 kB Ôöé gzip:     1.20 kB
dist/assets/useDataPrefetch-COgFj8xG.js                                                          2.51 kB Ôöé gzip:     0.89 kB
dist/assets/FaqSection-BY_v1wNV.js                                                               2.61 kB Ôöé gzip:     1.33 kB
dist/assets/CoursDetail-D80Dj7gx.js                                                              2.66 kB Ôöé gzip:     1.37 kB
dist/assets/NotionCard-C2HQjPKx.js                                                               2.80 kB Ôöé gzip:     1.19 kB
dist/assets/Progress-BHhU9wM9.js                                                                 2.91 kB Ôöé gzip:     1.43 kB
dist/assets/useSmartNavigation-DajlHhru.js                                                       3.30 kB Ôöé gzip:     1.53 kB
dist/assets/Exercises-DcRHW4Lp.js                                                                3.31 kB Ôöé gzip:     1.72 kB
dist/assets/scientificRenderer-BTNVa4BT.js                                                       3.58 kB Ôöé gzip:     1.54 kB
dist/assets/AdminActionsButtons-C91AH8Df.js                                                      3.90 kB Ôöé gzip:     1.40 kB
dist/assets/HomeworkByNotion-3dS3r1Jt.js                                                         3.92 kB Ôöé gzip:     1.82 kB
dist/assets/Footer-Bc843yuX.js                                                                   4.16 kB Ôöé gzip:     2.20 kB
dist/assets/ThemeNotions-DHb5m3xY.js                                                             4.25 kB Ôöé gzip:     1.85 kB
dist/assets/NewsletterAdmin-D07X1Drz.js                                                          4.37 kB Ôöé gzip:     1.97 kB
dist/assets/Pricing-DtyqA5aD.js                                                                  4.59 kB Ôöé gzip:     2.22 kB
dist/assets/Conditions-CW7NhnA-.js                                                               4.77 kB Ôöé gzip:     1.84 kB
dist/assets/FreeExerciseChapter-BaM8tl-B.js                                                      4.84 kB Ôöé gzip:     2.33 kB
dist/assets/ChildOverview-CHGUTvmR.js                                                            4.86 kB Ôöé gzip:     2.07 kB
dist/assets/ExerciceDetail-QDAK1mIB.js                                                           4.91 kB Ôöé gzip:     2.18 kB
dist/assets/QuizSubmissionsStudent-BQdGh5pc.js                                                   5.37 kB Ôöé gzip:     2.25 kB
dist/assets/TestFiltrageStrict-NhACLNl-.js                                                       5.41 kB Ôöé gzip:     2.01 kB
dist/assets/AdminSubscribers-CSBLQf3P.js                                                         5.44 kB Ôöé gzip:     2.36 kB
dist/assets/AdminMatieres-DcAJ49-5.js                                                            5.67 kB Ôöé gzip:     2.37 kB
dist/assets/AdminSubscriptions-Bn1F_7sm.js                                                       6.04 kB Ôöé gzip:     2.34 kB
dist/assets/FreeCourseDetail-CmNLPnYN.js                                                         6.25 kB Ôöé gzip:     2.76 kB
dist/assets/ContactModal-D58WaEKB.js                                                             7.00 kB Ôöé gzip:     2.93 kB
dist/assets/index-BpeLDfTF.js                                                                    7.86 kB Ôöé gzip:     2.93 kB
dist/assets/QuizzesHistory-C2cceppu.js                                                           9.13 kB Ôöé gzip:     3.54 kB
dist/assets/BaseHistory-DJa91ZNF.js                                                              9.58 kB Ôöé gzip:     3.76 kB
dist/assets/Legal-CC2UwDd1.js                                                                    9.65 kB Ôöé gzip:     3.58 kB
dist/assets/ExercisesHistory-KBaSMYVO.js                                                         9.66 kB Ôöé gzip:     3.55 kB
dist/assets/SheetByNotion-BhfnUNlJ.js                                                            9.97 kB Ôöé gzip:     4.09 kB
dist/assets/AdminThemes-t19t2PYk.js                                                             10.25 kB Ôöé gzip:     3.73 kB
dist/assets/AdminNotions-BKT0fULo.js                                                            10.93 kB Ôöé gzip:     3.61 kB
dist/assets/AdminNiveaux-DfcaQQOW.js                                                            11.13 kB Ôöé gzip:     3.98 kB
dist/assets/AdminExercicesPlus-DdGZbDa5.js                                                      11.72 kB Ôöé gzip:     4.69 kB
dist/assets/AdminQuizSubmissions-DuRR1jTl.js                                                    11.89 kB Ôöé gzip:     4.26 kB
dist/assets/Confidentialite-DszAPyhX.js                                                         12.27 kB Ôöé gzip:     4.13 kB
dist/assets/Cookies-D0VWVS-S.js                                                                 12.37 kB Ôöé gzip:     3.92 kB
dist/assets/About-typlWaOg.js                                                                   12.39 kB Ôöé gzip:     5.09 kB
dist/assets/AdminQuizPlus-39ejhTE1.js                                                           13.13 kB Ôöé gzip:     5.35 kB
dist/assets/Cours-77YkvBxf.js                                                                   13.16 kB Ôöé gzip:     5.24 kB
dist/assets/CGV-uahlP5oE.js                                                                     13.18 kB Ôöé gzip:     4.30 kB
dist/assets/AdminQuiz-B0dIcIh2.js                                                               13.45 kB Ôöé gzip:     4.59 kB
dist/assets/Contact-Bm1hbAgp.js                                                                 13.81 kB Ôöé gzip:     4.98 kB
dist/assets/CGU-Dn5HdCul.js                                                                     13.92 kB Ôöé gzip:     4.38 kB
dist/assets/MainLayout-6qXTJN7F.js                                                              14.27 kB Ôöé gzip:     5.29 kB
dist/assets/FreeResourceNotions-bPEtA0Lw.js                                                     14.54 kB Ôöé gzip:     5.30 kB
dist/assets/ThemeNotionsView-BwNjzTWc.js                                                        14.63 kB Ôöé gzip:     5.24 kB
dist/assets/AdminPays-C3CCMvvM.js                                                               14.90 kB Ôöé gzip:     4.97 kB
dist/assets/CalculatorTabs-WXWo5BCt.js                                                          14.91 kB Ôöé gzip:     3.91 kB
dist/assets/Billing-BXBnSW0n.js                                                                 15.09 kB Ôöé gzip:     6.34 kB
dist/assets/ExerciceQCM-Cshw1BrM.js                                                             18.50 kB Ôöé gzip:     6.77 kB
dist/assets/AdminExercices-Cm1muAam.js                                                          19.04 kB Ôöé gzip:     6.41 kB
dist/assets/AdminCoursPlus-B868W920.js                                                          19.29 kB Ôöé gzip:     6.25 kB
dist/assets/ChapterExercises-B68H6zuR.js                                                        19.31 kB Ôöé gzip:     7.00 kB
dist/assets/CoursParticuliers-D_Hdijih.js                                                       19.52 kB Ôöé gzip:     5.93 kB
dist/assets/AdminCours-DId_jBVC.js                                                              21.45 kB Ôöé gzip:     7.26 kB
dist/assets/AdminSheets-B-_QLYA3.js                                                             21.52 kB Ôöé gzip:     7.82 kB
dist/assets/Subscription-Bew1APPJ.js                                                            32.81 kB Ôöé gzip:    11.03 kB
dist/assets/ui-D5lHaTRS.js                                                                      36.13 kB Ôöé gzip:    14.62 kB
dist/assets/Home-DAoyA7ke.js                                                                    36.39 kB Ôöé gzip:    13.08 kB
dist/assets/Dashboard-BSjl1Voi.js                                                               52.26 kB Ôöé gzip:    16.27 kB
dist/assets/DashboardLayout-BKRp5j5b.js                                                         54.43 kB Ôöé gzip:    16.16 kB
dist/assets/vendor-D27ps0f6.js                                                                 109.80 kB Ôöé gzip:    42.73 kB
dist/assets/index-BP2hklLt.js                                                                  123.62 kB Ôöé gzip:    37.56 kB
dist/assets/Account-DxRhkMia.js                                                                233.51 kB Ôöé gzip:    65.12 kB
dist/assets/Calculator-B0J_vH6i.js                                                             360.27 kB Ôöé gzip:   102.22 kB
dist/assets/mathlive-CFXL3aSC.js                                                               783.07 kB Ôöé gzip:   216.87 kB
dist/assets/calculator-CZPjD8-J.js                                                           4,795.93 kB Ôöé gzip: 1,461.55 kB
Ô£ô built in 46.40s
